// Jest Snapshot v1, https://goo.gl/fbAQLP

exports[`<Status.* /> <Status.Button /> should render correctly with all required props 1`] = `
<div
  className="status status--button"
>
  <span
    className="status__code"
  >
    Draft
  </span>
</div>
`;
