// Jest Snapshot v1, https://goo.gl/fbAQLP

exports[`<Image.* /> <Image.Lazy /> should render correctly with all required props 1`] = `
<LazyLoad
  className="Image-root-0-1-1"
  height={100}
  offset={100}
  once={false}
  overflow={false}
  resize={false}
  scroll={true}
  unmountIfInvisible={false}
>
  <img
    alt="Foo image"
    className="Image-image-0-1-2"
    height={100}
    src="/foo.jpg"
  />
</LazyLoad>
`;
